  ------ NLRC.EXE - V3.2 ------------------------------------------------------
 
  Using Command Line Arguements:
 
     -IC:\Users\DamienButt\Norgate AV Dropbox\Damien Butt\Resources\AMX\Includes\NAVFoundation\ArrayUtils;C:\Users\DamienButt\Norgate AV Dropbox\Damien Butt\Resources\AMX\Includes\NAVFoundation\Assert;C:\Users\DamienButt\Norgate AV Dropbox\Damien Butt\Resources\AMX\Includes\NAVFoundation\BinaryUtils;C:\Users\DamienButt\Norgate AV Dropbox\Damien Butt\Resources\AMX\Includes\NAVFoundation\Console;C:\Users\DamienButt\Norgate AV Dropbox\Damien Butt\Resources\AMX\Includes\NAVFoundation\Core;C:\Users\DamienButt\Norgate AV Dropbox\Damien Butt\Resources\AMX\Includes\NAVFoundation\Cryptography;C:\Users\DamienButt\Norgate AV Dropbox\Damien Butt\Resources\AMX\Includes\NAVFoundation\DateTimeUtils;C:\Users\DamienButt\Norgate AV Dropbox\Damien Butt\Resources\AMX\Includes\NAVFoundation\ErrorLogUtils;C:\Users\DamienButt\Norgate AV Dropbox\Damien Butt\Resources\AMX\Includes\NAVFoundation\Encoding;C:\Users\DamienButt\Norgate AV Dropbox\Damien Butt\Resources\AMX\Includes\NAVFoundation\Enova;C:\Users\DamienButt\Norgate AV Dropbox\Damien Butt\Resources\AMX\Includes\NAVFoundation\FileUtils;C:\Users\DamienButt\Norgate AV Dropbox\Damien Butt\Resources\AMX\Includes\NAVFoundation\HashTable;C:\Users\DamienButt\Norgate AV Dropbox\Damien Butt\Resources\AMX\Includes\NAVFoundation\HttpUtils;C:\Users\DamienButt\Norgate AV Dropbox\Damien Butt\Resources\AMX\Includes\NAVFoundation\IniUtils;C:\Users\DamienButt\Norgate AV Dropbox\Damien Butt\Resources\AMX\Includes\NAVFoundation\Int64;C:\Users\DamienButt\Norgate AV Dropbox\Damien Butt\Resources\AMX\Includes\NAVFoundation\InterModuleApi;C:\Users\DamienButt\Norgate AV Dropbox\Damien Butt\Resources\AMX\Includes\NAVFoundation\Jsmn;C:\Users\DamienButt\Norgate AV Dropbox\Damien Butt\Resources\AMX\Includes\NAVFoundation\Json;C:\Users\DamienButt\Norgate AV Dropbox\Damien Butt\Resources\AMX\Includes\NAVFoundation\Lexer;C:\Users\DamienButt\Norgate AV Dropbox\Damien Butt\Resources\AMX\Includes\NAVFoundation\LogicEngine;C:\Users\DamienButt\Norgate AV Dropbox\Damien Butt\Resources\AMX\Includes\NAVFoundation\Math;C:\Users\DamienButt\Norgate AV Dropbox\Damien Butt\Resources\AMX\Includes\NAVFoundation\McpBase;C:\Users\DamienButt\Norgate AV Dropbox\Damien Butt\Resources\AMX\Includes\NAVFoundation\NtpClient;C:\Users\DamienButt\Norgate AV Dropbox\Damien Butt\Resources\AMX\Includes\NAVFoundation\PathUtils;C:\Users\DamienButt\Norgate AV Dropbox\Damien Butt\Resources\AMX\Includes\NAVFoundation\Queue;C:\Users\DamienButt\Norgate AV Dropbox\Damien Butt\Resources\AMX\Includes\NAVFoundation\Regex;C:\Users\DamienButt\Norgate AV Dropbox\Damien Butt\Resources\AMX\Includes\NAVFoundation\RmsBase;C:\Users\DamienButt\Norgate AV Dropbox\Damien Butt\Resources\AMX\Includes\NAVFoundation\SnapiHelpers;C:\Users\DamienButt\Norgate AV Dropbox\Damien Butt\Resources\AMX\Includes\NAVFoundation\SocketUtils;C:\Users\DamienButt\Norgate AV Dropbox\Damien Butt\Resources\AMX\Includes\NAVFoundation\Stack;C:\Users\DamienButt\Norgate AV Dropbox\Damien Butt\Resources\AMX\Includes\NAVFoundation\Stopwatch;C:\Users\DamienButt\Norgate AV Dropbox\Damien Butt\Resources\AMX\Includes\NAVFoundation\StringUtils;C:\Users\DamienButt\Norgate AV Dropbox\Damien Butt\Resources\AMX\Includes\NAVFoundation\Testing;C:\Users\DamienButt\Norgate AV Dropbox\Damien Butt\Resources\AMX\Includes\NAVFoundation\TimelineUtils;C:\Users\DamienButt\Norgate AV Dropbox\Damien Butt\Resources\AMX\Includes\NAVFoundation\Tui;C:\Users\DamienButt\Norgate AV Dropbox\Damien Butt\Resources\AMX\Includes\NAVFoundation\UIUtils;C:\Users\DamienButt\Norgate AV Dropbox\Damien Butt\Resources\AMX\Includes\NAVFoundation\Url;C:\Users\DamienButt\Norgate AV Dropbox\Damien Butt\Resources\AMX\Includes\NAVFoundation\__tests__\include\aes128;C:\Users\DamienButt\Norgate AV Dropbox\Damien Butt\Resources\AMX\Includes\NAVFoundation\__tests__\include\hash-table;C:\Users\DamienButt\Norgate AV Dropbox\Damien Butt\Resources\AMX\Includes\NAVFoundation\__tests__\include\path-utils;C:\Users\DamienButt\Norgate AV Dropbox\Damien Butt\Resources\AMX\Includes\NAVFoundation\__tests__\include\pbkdf2;C:\Users\DamienButt\Norgate AV Dropbox\Damien Butt\Resources\AMX\Includes\NAVFoundation\__tests__\include\regex;C:\Users\DamienButt\Norgate AV Dropbox\Damien Butt\Resources\AMX\Includes\NAVFoundation\__tests__\include\string-utils;C:\Users\DamienButt\Norgate AV Dropbox\Damien Butt\Resources\AMX\Includes\NAVFoundation\__tests__\include\ini-utils;C:\Users\DamienButt\Norgate AV Dropbox\Damien Butt\Resources\AMX\Includes\NAVFoundation\__tests__\include\int64;C:\Users\DamienButt\Norgate AV Dropbox\Damien Butt\Resources\AMX\Includes\NAVFoundation\__tests__\include\assert;C:\Users\DamienButt\Norgate AV Dropbox\Damien Butt\Resources\AMX\Includes\NAVFoundation\__tests__\include\sha1;C:\Users\DamienButt\Norgate AV Dropbox\Damien Butt\Resources\AMX\Includes\NAVFoundation\__tests__\include\sha512;C:\Users\DamienButt\Norgate AV Dropbox\Damien Butt\Resources\AMX\Includes\NAVFoundation\__tests__\include\sha256;C:\Users\DamienButt\Norgate AV Dropbox\Damien Butt\Resources\AMX\Includes\NAVFoundation\__tests__\include\md5;C:\Users\DamienButt\Norgate AV Dropbox\Damien Butt\Resources\AMX\Includes\NAVFoundation\__tests__\include\base64;C:\Users\DamienButt\Norgate AV Dropbox\Damien Butt\Resources\AMX\Includes\NAVFoundation\__tests__\include\base32;C:\Users\DamienButt\Norgate AV Dropbox\Damien Butt\Resources\AMX\Includes\NAVFoundation\__tests__\include\http;C:\Users\DamienButt\Norgate AV Dropbox\Damien Butt\Resources\AMX\Includes\NAVFoundation\__tests__\include\url;C:\Users\DamienButt\Norgate AV Dropbox\Damien Butt\Resources\AMX\Includes\NAVFoundation\__tests__\include\jsmn;C:\Users\DamienButt\Norgate AV Dropbox\Damien Butt\Resources\AMX\Includes\NAVFoundation\__tests__\include\queue;C:\Users\DamienButt\Norgate AV Dropbox\Damien Butt\Resources\AMX\Includes\NAVFoundation\__tests__\include\array-utils;C:\Program Files (x86)\Common Files\AMXShare\AXIs -MC:\Program Files (x86)\Common Files\AMXShare\Duet\bundle;C:\Program Files (x86)\Common Files\AMXShare\Duet\lib;C:\Program Files (x86)\Common Files\AMXShare\Duet\module -LC:\Program Files (x86)\Common Files\AMXShare\SYCs
 
  ---- Starting NetLinx Compile - Version[2.5.2.420] [10-01-2025 22:05:23] -----




  WARNING: C:\USERS\DAMIENBUTT\NORGATE AV DROPBOX\DAMIEN BUTT\RESOURCES\AMX\INCLUDES\NAVFOUNDATION\__TESTS__\INCLUDE\ARRAY-UTILS\NAVArraySetFunctions.axi(373): C10571: Converting type [INTEGER] to [SINTEGER]
  WARNING: C:\USERS\DAMIENBUTT\NORGATE AV DROPBOX\DAMIEN BUTT\RESOURCES\AMX\INCLUDES\NAVFOUNDATION\__TESTS__\INCLUDE\ARRAY-UTILS\NAVArraySetFunctions.axi(382): C10571: Converting type [INTEGER] to [SINTEGER]
  WARNING: C:\USERS\DAMIENBUTT\NORGATE AV DROPBOX\DAMIEN BUTT\RESOURCES\AMX\INCLUDES\NAVFOUNDATION\__TESTS__\INCLUDE\ARRAY-UTILS\NAVArraySetFunctions.axi(391): C10571: Converting type [INTEGER] to [SINTEGER]
  WARNING: C:\USERS\DAMIENBUTT\NORGATE AV DROPBOX\DAMIEN BUTT\RESOURCES\AMX\INCLUDES\NAVFOUNDATION\__TESTS__\INCLUDE\ARRAY-UTILS\NAVArraySetFunctions.axi(413): C10571: Converting type [INTEGER] to [SINTEGER]
  WARNING: C:\USERS\DAMIENBUTT\NORGATE AV DROPBOX\DAMIEN BUTT\RESOURCES\AMX\INCLUDES\NAVFOUNDATION\__TESTS__\INCLUDE\ARRAY-UTILS\NAVArraySetFunctions.axi(422): C10571: Converting type [INTEGER] to [SINTEGER]
  WARNING: C:\USERS\DAMIENBUTT\NORGATE AV DROPBOX\DAMIEN BUTT\RESOURCES\AMX\INCLUDES\NAVFOUNDATION\__TESTS__\INCLUDE\ARRAY-UTILS\NAVArraySetFunctions.axi(431): C10571: Converting type [INTEGER] to [SINTEGER]

 
  C:\Users\DamienButt\Norgate AV Dropbox\Damien Butt\Resources\AMX\Includes\NAVFoundation\__tests__\src\array-utils.axs
  0 error(s), 6 warning(s)
 
  Token and Variable Count....:   15826 (Maximum is 200000)
  Compiled Code...............:  231933 bytes of memory
 
  ---- NetLinx Compile Complete [10-01-2025 22:05:37] -------------------------
 
 
  ------  End of NLRC.EXE - V3.2  ----------------------------------------------
A total of 6 warning(s) occurred.
WARNING: C:\USERS\DAMIENBUTT\NORGATE AV DROPBOX\DAMIEN BUTT\RESOURCES\AMX\INCLUDES\NAVFOUNDATION\__TESTS__\INCLUDE\ARRAY-UTILS\NAVArraySetFunctions.axi(373): C10571: Converting type [INTEGER] to [SINTEGER]
WARNING: C:\USERS\DAMIENBUTT\NORGATE AV DROPBOX\DAMIEN BUTT\RESOURCES\AMX\INCLUDES\NAVFOUNDATION\__TESTS__\INCLUDE\ARRAY-UTILS\NAVArraySetFunctions.axi(382): C10571: Converting type [INTEGER] to [SINTEGER]
WARNING: C:\USERS\DAMIENBUTT\NORGATE AV DROPBOX\DAMIEN BUTT\RESOURCES\AMX\INCLUDES\NAVFOUNDATION\__TESTS__\INCLUDE\ARRAY-UTILS\NAVArraySetFunctions.axi(391): C10571: Converting type [INTEGER] to [SINTEGER]
WARNING: C:\USERS\DAMIENBUTT\NORGATE AV DROPBOX\DAMIEN BUTT\RESOURCES\AMX\INCLUDES\NAVFOUNDATION\__TESTS__\INCLUDE\ARRAY-UTILS\NAVArraySetFunctions.axi(413): C10571: Converting type [INTEGER] to [SINTEGER]
WARNING: C:\USERS\DAMIENBUTT\NORGATE AV DROPBOX\DAMIEN BUTT\RESOURCES\AMX\INCLUDES\NAVFOUNDATION\__TESTS__\INCLUDE\ARRAY-UTILS\NAVArraySetFunctions.axi(422): C10571: Converting type [INTEGER] to [SINTEGER]
WARNING: C:\USERS\DAMIENBUTT\NORGATE AV DROPBOX\DAMIEN BUTT\RESOURCES\AMX\INCLUDES\NAVFOUNDATION\__TESTS__\INCLUDE\ARRAY-UTILS\NAVArraySetFunctions.axi(431): C10571: Converting type [INTEGER] to [SINTEGER]
